// Jest Snapshot v1, https://goo.gl/fbAQLP

exports[`Filter component should match exact snapshot 1`] = `
<div
  className="my-8"
  id="filter-container"
>
  <div
    id="filter-options"
  >
    <div
      className="relative inline-block text-left py-1"
    >
      <div>
        <span
          className="rounded-md shadow-sm"
        >
          <button
            aria-expanded="true"
            aria-haspopup="true"
            className="inline-flex justify-center w-full rounded-md border border-gray-300 px-4 py-2 bg-white text-sm leading-5 font-medium text-gray-700 hover:text-gray-500 focus:outline-none focus:border-blue-300 focus:shadow-outline-blue active:bg-gray-50 active:text-gray-800 transition ease-in-out duration-150"
            id="options-menu"
            onClick={[Function]}
            type="button"
          >
            Filter
            <svg
              className="-mr-1 ml-2 h-5 w-5"
              fill="currentColor"
              viewBox="0 0 20 20"
              xmlns="http://www.w3.org/2000/svg"
            >
              <path
                clip-rule="evenodd"
                d="M5.293 7.293a1 1 0 011.414 0L10 10.586l3.293-3.293a1 1 0 111.414 1.414l-4 4a1 1 0 01-1.414 0l-4-4a1 1 0 010-1.414z"
                fill-rule="evenodd"
              />
            </svg>
          </button>
        </span>
      </div>
    </div>
  </div>
  <div
    className="pt-5"
    id="current-filters-container"
  />
</div>
`;
