// Jest Snapshot v1, https://goo.gl/fbAQLP

exports[`LogsRows component should match exact snapshot 1`] = `null`;
