// Jest Snapshot v1, https://goo.gl/fbAQLP

exports[`FilterStreamOptions component should match exact snapshot 1`] = `
<div
  className="inline-block relative w-48"
>
  <select
    className="block appearance-none w-full rounded-md bg-white border border-gray-300 text-sm text-gray-700 hover:text-gray-500 mx-4 px-4 py-2 pr-8 leading-tight focus:outline-none"
    onChange={[Function]}
  >
    <option>
      Select Stream
    </option>
    <option>
      stdout
    </option>
    <option>
      stderr
    </option>
  </select>
  <div
    className="pointer-events-none absolute inset-y-0 right-0 flex items-center px-2 text-gray-700"
  >
    <svg
      className="fill-current h-4 w-4"
      viewBox="0 0 20 20"
      xmlns="http://www.w3.org/2000/svg"
    >
      <path
        d="M9.293 12.95l.707.707L15.657 8l-1.414-1.414L10 10.828 5.757 6.586 4.343 8z"
      />
    </svg>
  </div>
</div>
`;
